
> client@0.1.0 build
> next build

node.exe : [baseline-browser-mapping] The data in this 
module is over two months old.  To ensure accurate 
Baseline data, please update: `npm i 
baseline-browser-mapping@latest -D`
At C:\Program Files\nodejs\npm.ps1:29 char:3
+   & $NODE_EXE $NPM_CLI_JS $args
+   ~~~~~~~~~~~~~~~~~~~~~~~~~~~~~
    + CategoryInfo          : NotSpecified: 
([baseline-bro    ws...ping@latest -D`:String) [], 
RemoteException
    + FullyQualifiedErrorId : NativeCommandError
 
   Γû▓ Next.js 16.0.0 (Turbopack)
   - Environments: .env

   Creating an optimized production build ...
[baseline-browser-mapping] The data in this module is 
over two months old.  To ensure accurate Baseline data, 
please update: `npm i baseline-browser-mapping@latest -D`
 Γ£ô Compiled successfully in 2.1s
   Running TypeScript ...
   Collecting page data ...
[baseline-browser-mapping] The data in this module is 
over two months old.  To ensure accurate Baseline data, 
please update: `npm i baseline-browser-mapping@latest -D`
[baseline-browser-mapping] The data in this module is 
over two months old.  To ensure accurate Baseline data, 
please update: `npm i baseline-browser-mapping@latest -D`
[baseline-browser-mapping] The data in this module is 
over two months old.  To ensure accurate Baseline data, 
please update: `npm i baseline-browser-mapping@latest -D`
[baseline-browser-mapping] The data in this module is 
over two months old.  To ensure accurate Baseline data, 
please update: `npm i baseline-browser-mapping@latest -D`
[baseline-browser-mapping] The data in this module is 
over two months old.  To ensure accurate Baseline data, 
please update: `npm i baseline-browser-mapping@latest -D`
[baseline-browser-mapping] The data in this module is 
over two months old.  To ensure accurate Baseline data, 
please update: `npm i baseline-browser-mapping@latest -D`
[baseline-browser-mapping] The data in this module is 
over two months old.  To ensure accurate Baseline data, 
please update: `npm i baseline-browser-mapping@latest -D`
[baseline-browser-mapping] The data in this module is 
over two months old.  To ensure accurate Baseline data, 
please update: `npm i baseline-browser-mapping@latest -D`
[baseline-browser-mapping] The data in this module is 
over two months old.  To ensure accurate Baseline data, 
please update: `npm i baseline-browser-mapping@latest -D`
[baseline-browser-mapping] The data in this module is 
over two months old.  To ensure accurate Baseline data, 
please update: `npm i baseline-browser-mapping@latest -D`
[baseline-browser-mapping] The data in this module is 
over two months old.  To ensure accurate Baseline data, 
please update: `npm i baseline-browser-mapping@latest -D`
[baseline-browser-mapping] The data in this module is 
over two months old.  To ensure accurate Baseline data, 
please update: `npm i baseline-browser-mapping@latest -D`
[baseline-browser-mapping] The data in this module is 
over two months old.  To ensure accurate Baseline data, 
please update: `npm i baseline-browser-mapping@latest -D`
   Generating static pages (0/11) ...
[baseline-browser-mapping] The data in this module is 
over two months old.  To ensure accurate Baseline data, 
please update: `npm i baseline-browser-mapping@latest -D`
   Generating static pages (2/11) 
   Generating static pages (5/11) 
   Generating static pages (8/11) 
 Γ¿» useSearchParams() should be wrapped in a suspense 
boundary at page "/products". Read more: https://nextjs.o
rg/docs/messages/missing-suspense-with-csr-bailout
    at S (D:\projects\e-commerce\client\.next\server\chun
ks\ssr\node_modules_next_9c24ba8d._.js:2:2111)
    at p (D:\projects\e-commerce\client\.next\server\chun
ks\ssr\node_modules_next_9c24ba8d._.js:4:4847)
    at D:\projects\e-commerce\client\.next\server\chunks\
ssr\app_products_page_tsx_ed917a58._.js:1:114207
    at ir (D:\projects\e-commerce\client\node_modules\nex
t\dist\compiled\next-server\app-page-turbo.runtime.prod.j
s:2:84433)
    at ia (D:\projects\e-commerce\client\node_modules\nex
t\dist\compiled\next-server\app-page-turbo.runtime.prod.j
s:2:86252)
    at il (D:\projects\e-commerce\client\node_modules\nex
t\dist\compiled\next-server\app-page-turbo.runtime.prod.j
s:2:107981)
    at is (D:\projects\e-commerce\client\node_modules\nex
t\dist\compiled\next-server\app-page-turbo.runtime.prod.j
s:2:105399)
    at ii (D:\projects\e-commerce\client\node_modules\nex
t\dist\compiled\next-server\app-page-turbo.runtime.prod.j
s:2:84785)
    at ia (D:\projects\e-commerce\client\node_modules\nex
t\dist\compiled\next-server\app-page-turbo.runtime.prod.j
s:2:86301)
    at ia (D:\projects\e-commerce\client\node_modules\nex
t\dist\compiled\next-server\app-page-turbo.runtime.prod.j
s:2:104739)
Error occurred prerendering page "/products". Read more: 
https://nextjs.org/docs/messages/prerender-error
Export encountered an error on /products/page: 
/products, exiting the build.
 Γ¿» Next.js build worker exited with code: 1 and 
signal: null
